// Jest Snapshot v1, https://goo.gl/fbAQLP

exports[`EditProfileScreen SnapShot 1`] = `
<View
  style={
    Object {
      "alignItems": "center",
      "flex": 2,
      "flexDirection": "column",
      "width": "100%",
    }
  }
>
  <Text
    style={
      Object {
        "color": "#242424",
        "fontSize": 35,
        "width": "80%",
      }
    }
  >
    Edit Profile
  </Text>
  <TextInput
    allowFontScaling={true}
    onChangeText={[Function]}
    placeholder="Name"
    rejectResponderTermination={true}
    style={
      Object {
        "borderColor": "black",
        "borderWidth": 1,
        "height": 44,
        "marginBottom": 10,
        "padding": 10,
        "width": "80%",
      }
    }
    underlineColorAndroid="transparent"
  />
  <TextInput
    allowFontScaling={true}
    onChangeText={[Function]}
    placeholder="Gender"
    rejectResponderTermination={true}
    style={
      Object {
        "borderColor": "black",
        "borderWidth": 1,
        "height": 44,
        "marginBottom": 10,
        "padding": 10,
        "width": "80%",
      }
    }
    underlineColorAndroid="transparent"
  />
  <TextInput
    allowFontScaling={true}
    onChangeText={[Function]}
    placeholder="DOB"
    rejectResponderTermination={true}
    style={
      Object {
        "borderColor": "black",
        "borderWidth": 1,
        "height": 44,
        "marginBottom": 10,
        "padding": 10,
        "width": "80%",
      }
    }
    underlineColorAndroid="transparent"
  />
  <TextInput
    allowFontScaling={true}
    onChangeText={[Function]}
    placeholder="Email"
    rejectResponderTermination={true}
    style={
      Object {
        "borderColor": "black",
        "borderWidth": 1,
        "height": 44,
        "marginBottom": 10,
        "padding": 10,
        "width": "80%",
      }
    }
    underlineColorAndroid="transparent"
  />
  <TextInput
    allowFontScaling={true}
    onChangeText={[Function]}
    placeholder="Password"
    rejectResponderTermination={true}
    style={
      Object {
        "borderColor": "black",
        "borderWidth": 1,
        "height": 44,
        "marginBottom": 10,
        "padding": 10,
        "width": "80%",
      }
    }
    underlineColorAndroid="transparent"
  />
  <View
    style={
      Object {
        "alignItems": "stretch",
        "flexDirection": "column",
        "width": "80%",
      }
    }
  >
    <View
      style={
        Object {
          "borderRadius": 3,
          "overflow": "hidden",
        }
      }
    >
      <View
        accessibilityRole="button"
        accessibilityState={
          Object {
            "busy": false,
            "disabled": false,
          }
        }
        accessible={true}
        focusable={true}
        onClick={[Function]}
        onResponderGrant={[Function]}
        onResponderMove={[Function]}
        onResponderRelease={[Function]}
        onResponderTerminate={[Function]}
        onResponderTerminationRequest={[Function]}
        onStartShouldSetResponder={[Function]}
        style={
          Object {
            "opacity": 1,
          }
        }
      >
        <View
          style={
            Object {
              "alignItems": "center",
              "backgroundColor": "#2089dc",
              "borderColor": "#2089dc",
              "borderRadius": 3,
              "borderWidth": 0,
              "flexDirection": "row",
              "justifyContent": "center",
              "padding": 8,
            }
          }
        >
          <Text
            style={
              Object {
                "color": "white",
                "fontSize": 18,
                "paddingBottom": 1,
                "paddingTop": 2,
                "textAlign": "center",
              }
            }
          >
            Update Profile
          </Text>
        </View>
      </View>
    </View>
  </View>
</View>
`;
